// Jest Snapshot v1, https://goo.gl/fbAQLP

exports[`BarSelection component Correctly Render 1`] = `
<div>
  <select
    class="custom-select custom-select-lg"
    data-testid="bar-selection"
  >
    <option
      value="0"
    >
      #Progress 1
    </option>
    <option
      value="1"
    >
      #Progress 2
    </option>
    <option
      value="2"
    >
      #Progress 3
    </option>
  </select>
</div>
`;
